[2026-05-16 00:37:55] Lỗi cắt PDF trong bộ nhớ: Stream has ended unexpectedly
[2026-05-16 01:05:38] Lỗi cắt PDF trong bộ nhớ: Stream has ended unexpectedly
[2026-05-16 14:11:22] Lỗi cắt PDF trong bộ nhớ: Stream has ended unexpectedly
